<?xml version="1.0" encoding="utf-8"?><testsuites><testsuite name="pytest" errors="0" failures="0" skipped="0" tests="4" time="1.851" timestamp="2024-07-15T14:00:37.672367" hostname="ce7f3cdbbf3a"><testcase classname="tests.test_schedule.TestSchedule" name="test_schedule_get_schedule_day" time="0.340" /><testcase classname="tests.test_schedule.TestSchedule" name="test_schedule_get_schedule_specific_day_invalid" time="0.004" /><testcase classname="tests.test_schedule.TestSchedule" name="test_schedule_get_schedule_specific_day" time="0.315" /><testcase classname="tests.test_schedule.TestSchedule" name="test_schedule_get_schedule_day_exception_handling" time="0.006" /></testsuite></testsuites>